// Jest Snapshot v1, https://goo.gl/fbAQLP

exports[`<PeopleList /> should match the snapshot 1`] = `
<Fragment>
  <Dimmer
    active={true}
    inverted={true}
  >
    <Loader>
      Loading Data...
    </Loader>
  </Dimmer>
  <Header
    as="h1"
    dividing={true}
  >
    <Icon
      as="i"
      name="user"
    />
    <HeaderContent
      as="div"
      style={
        Object {
          "width": "100%",
        }
      }
    >
      People
      <Location>
        <Component />
      </Location>
    </HeaderContent>
  </Header>
  <Table
    as="table"
    basic="very"
    celled={true}
    padded={true}
    sortable={true}
  >
    <TableHeader
      as="thead"
    >
      <TableRow
        as="tr"
        cellAs="td"
      >
        <TableHeaderCell
          as="th"
          onClick={[Function]}
          singleLine={true}
          sorted={null}
        >
          First Name
        </TableHeaderCell>
        <TableHeaderCell
          as="th"
          onClick={[Function]}
          sorted="ascending"
        >
          Last Name
        </TableHeaderCell>
        <TableHeaderCell
          as="th"
          onClick={[Function]}
          sorted={null}
        >
          Email
        </TableHeaderCell>
        <TableHeaderCell
          as="th"
          onClick={[Function]}
          sorted={null}
        >
          Group
        </TableHeaderCell>
        <TableHeaderCell
          as="th"
        />
      </TableRow>
    </TableHeader>
    <TableBody
      as="tbody"
    >
      <TableRow
        as="tr"
        cellAs="td"
        key="0"
      >
        <TableCell
          as="td"
          singleLine={true}
        >
          Macie
        </TableCell>
        <TableCell
          as="td"
          singleLine={true}
        >
          Emmerich
        </TableCell>
        <TableCell
          as="td"
          singleLine={true}
        >
          cremin.marjory@hotmail.com
        </TableCell>
        <TableCell
          as="td"
          singleLine={true}
        >
          <Dropdown
            additionLabel="Add "
            additionPosition="top"
            closeOnBlur={true}
            closeOnEscape={true}
            deburr={false}
            icon="dropdown"
            minCharacters={1}
            noResultsMessage="No results found."
            onChange={[Function]}
            openOnFocus={true}
            options={Array []}
            placeholder="Add to Group"
            renderLabel={[Function]}
            searchInput="text"
            selectOnBlur={true}
            selectOnNavigation={true}
            selection={true}
            wrapSelection={true}
          />
        </TableCell>
        <TableCell
          as="td"
          singleLine={true}
          textAlign="center"
        >
          <Button
            as="button"
            basic={true}
            circular={true}
            icon={true}
            negative={true}
            onClick={[Function]}
          >
            <Icon
              as="i"
              name="trash"
            />
          </Button>
        </TableCell>
      </TableRow>
    </TableBody>
  </Table>
</Fragment>
`;
