// Jest Snapshot v1, https://goo.gl/fbAQLP

exports[`<GroupMembersList /> should match the snapshot 1`] = `
<Fragment>
  <Dimmer
    active={true}
    inverted={true}
  >
    <Loader>
      Loading Data...
    </Loader>
  </Dimmer>
  <Button
    as="button"
    onClick={[Function]}
  >
    Back
  </Button>
  <Header
    as="h1"
  >
    Awesome Group
     
    <HeaderSubheader>
      Group Members
    </HeaderSubheader>
  </Header>
  <Table
    as="table"
    basic="very"
    celled={true}
    padded={true}
    sortable={true}
  >
    <TableHeader
      as="thead"
    >
      <TableRow
        as="tr"
        cellAs="td"
      >
        <TableHeaderCell
          as="th"
          onClick={[Function]}
          singleLine={true}
          sorted={null}
        >
          First Name
        </TableHeaderCell>
        <TableHeaderCell
          as="th"
          onClick={[Function]}
          singleLine={true}
          sorted="descending"
        >
          Last Name
        </TableHeaderCell>
        <TableHeaderCell
          as="th"
          onClick={[Function]}
          sorted={null}
        >
          Email
        </TableHeaderCell>
        <TableHeaderCell
          as="th"
        >
          Status
        </TableHeaderCell>
        <TableHeaderCell
          as="th"
        />
      </TableRow>
    </TableHeader>
    <TableBody
      as="tbody"
    >
      <TableRow
        as="tr"
        cellAs="td"
        key="0"
      >
        <TableCell
          as="td"
          singleLine={true}
        >
          Macie
        </TableCell>
        <TableCell
          as="td"
          singleLine={true}
        >
          Emmerich
        </TableCell>
        <TableCell
          as="td"
          singleLine={true}
        >
          cremin.marjory@hotmail.com
        </TableCell>
        <TableCell
          as="td"
          singleLine={true}
        >
          active
        </TableCell>
        <TableCell
          as="td"
          singleLine={true}
          textAlign="center"
        >
          <Button
            as="button"
            circular={true}
            icon={true}
            primary={true}
          >
            <Icon
              as="i"
              name="edit"
            />
          </Button>
          <Button
            as="button"
            basic={true}
            circular={true}
            icon={true}
            negative={true}
          >
            <Icon
              as="i"
              name="trash"
            />
          </Button>
        </TableCell>
      </TableRow>
    </TableBody>
  </Table>
</Fragment>
`;
