// Jest Snapshot v1, https://goo.gl/fbAQLP

exports[`<ImportModal /> should match the snapshot 1`] = `
<div>
  <Modal
    centered={true}
    closeOnDimmerClick={false}
    closeOnDocumentClick={false}
    closeOnEscape={false}
    dimmer={true}
    eventPool="Modal"
    open={true}
  >
    <ModalHeader>
      We are almost ready to import...
    </ModalHeader>
    <ModalContent />
    <ModalActions>
      <Button
        as="button"
        basic={true}
        negative={true}
      >
        Cancel
      </Button>
      <Button
        as="button"
        content="Yes"
        icon="checkmark"
        labelPosition="right"
        positive={true}
      />
    </ModalActions>
  </Modal>
</div>
`;
