// Jest Snapshot v1, https://goo.gl/fbAQLP

exports[`<MainNav /> should match the snapshot 1`] = `
<div
  className="ui attached tabular menu"
>
  <Link
    className="active item"
    to="/"
  >
    All Groups
  </Link>
  <Link
    className="item"
    to="/people"
  >
    All People
  </Link>
</div>
`;
